Microchip MPLAB XC8 Compiler V1.33 ()

Linker command line:

--edf=C:\Program Files (x86)\Microchip\xc8\v1.33\dat\en_msgs.txt -cs \
  -h+ARITHMETIC.sym --cmf=ARITHMETIC.cmf -z -Q16F84 \
  -oC:\Users\reyla\AppData\Local\Temp\se0c.6 -MARITHMETIC.map -E1 -ver=XC8 \
  -ASTACK=014h-04dh -pstack=STACK -ACONST=00h-0FFhx4 -ACODE=00h-03FFh \
  -ASTRCODE=00h-03FFh -AENTRY=00h-0FFhx4 -ASTRING=00h-0FFhx4 \
  -ABANK0=0Ch-04Dh -ARAM=0Ch-04Dh -AABS1=0Ch-04Fh -ACOMMON=04Eh-04Fh \
  -ASFR0=00h-0Bh -ASFR1=080h-0CDh -preset_vec=00h,intentry,init,end_init \
  -ppowerup=CODE -pcinit=CODE -pfunctab=CODE -ACONFIG=02007h-02007h \
  -pconfig=CONFIG -DCONFIG=2 -AIDLOC=02000h-02003h -pidloc=IDLOC -DIDLOC=2 \
  -AEEDATA=00h-03Fh/02100h -peeprom_data=EEDATA -DEEDATA=2 -DCODE=2 \
  -DSTRCODE=2 -DSTRING=2 -DCONST=2 -DENTRY=2 -k startup.obj ARITHMETIC.obj 

Object code version is 3.11

Machine type is 16F84



                Name                               Link     Load   Length Selector   Space Scale
startup.obj     end_init                              0        0        1        0       0
ARITHMETIC.obj  cinit                               3FE      3FE        2      7FC       0
                text2                               36B      36B       12      6D6       0
                text1                               37D      37D       22      6FA       0
                maintext                            39F      39F       5F      73E       0
                cstackBANK0                           C        C        8        C       1

TOTAL           Name                               Link     Load   Length     Space
        CLASS   STACK          

        CLASS   CONST          

        CLASS   CODE           
                end_init                              0        0        1         0
                cinit                               3FE      3FE        2         0
                text2                               36B      36B       12         0
                text1                               37D      37D       22         0
                maintext                            39F      39F       5F         0

        CLASS   STRCODE        

        CLASS   ENTRY          

        CLASS   STRING         

        CLASS   BANK0          
                cstackBANK0                           C        C        8         1

        CLASS   RAM            

        CLASS   ABS1           
                abs_s1                               4E       4E        2         1

        CLASS   COMMON         

        CLASS   SFR0           

        CLASS   SFR1           

        CLASS   CONFIG         

        CLASS   IDLOC          

        CLASS   EEDATA         

        CLASS   BANK1          



SEGMENTS        Name                           Load    Length   Top    Selector   Space  Class     Delta

                reset_vec                      000000  000001  000001         0       0  CODE        2
                cstackBANK0                    00000C  000008  000014         C       1  BANK0       1
                text2                          00036B  000012  00037D       6D6       0  CODE        2
                text1                          00037D  000022  00039F       6FA       0  CODE        2
                maintext                       00039F  00005F  0003FE       73E       0  CODE        2
                cinit                          0003FE  000002  000400       7FC       0  CODE        2


UNUSED ADDRESS RANGES

        Name                Unused          Largest block    Delta
        BANK0            014-04D            3A           1
        CODE             001-36A           36A           2
        CONFIG           2007-2007             1           2
        CONST            001-36A           100           2
        EEDATA           2100-213F            40           2
        ENTRY            001-36A           100           2
        IDLOC            2000-2003             4           2
        RAM              014-04D            3A           1
        SFR0             000-00B             C           1
        SFR1             080-0CD            4E           1
        STACK            014-04D            3A           1
        STRCODE          001-36A           36A           2
        STRING           001-36A           100           2

                                  Symbol Table

_PORTA                   (abs)       005
_PORTB                   (abs)       006
_TRISA                   (abs)       085
_TRISB                   (abs)       086
__Habs1                  abs1        000
__Hbank0                 bank0       000
__Hbank1                 bank1       000
__Hcinit                 cinit       400
__Hclrtext               clrtext     000
__Hcode                  code        000
__Hcommon                common      000
__Hconfig                config      000
__HcstackBANK0           cstackBANK0 000
__Heeprom_data           eeprom_data 000
__Hend_init              end_init    001
__Hfunctab               functab     000
__Hidloc                 idloc       000
__Hinit                  init        000
__Hintentry              intentry    000
__Hmaintext              maintext    000
__Hpowerup               powerup     000
__Hram                   ram         000
__Hreset_vec             reset_vec   000
__Hsfr0                  sfr0        000
__Hsfr1                  sfr1        000
__Hspace_0               (abs)       400
__Hspace_1               (abs)       014
__Hspace_2               (abs)       000
__Hspace_3               (abs)       000
__Hstack                 stack       000
__Hstrings               strings     000
__Htext                  text        000
__Labs1                  abs1        000
__Lbank0                 bank0       000
__Lbank1                 bank1       000
__Lcinit                 cinit       3FE
__Lclrtext               clrtext     000
__Lcode                  code        000
__Lcommon                common      000
__Lconfig                config      000
__LcstackBANK0           cstackBANK0 000
__Leeprom_data           eeprom_data 000
__Lend_init              end_init    000
__Lfunctab               functab     000
__Lidloc                 idloc       000
__Linit                  init        000
__Lintentry              intentry    000
__Lmaintext              maintext    000
__Lpowerup               powerup     000
__Lram                   ram         000
__Lreset_vec             reset_vec   000
__Lsfr0                  sfr0        000
__Lsfr1                  sfr1        000
__Lspace_0               (abs)       000
__Lspace_1               (abs)       000
__Lspace_2               (abs)       000
__Lspace_3               (abs)       000
__Lstack                 stack       000
__Lstrings               strings     000
__Ltext                  text        000
__S0                     (abs)       400
__S1                     (abs)       014
__S2                     (abs)       000
__S3                     (abs)       000
___bmul                  text2       36B
___bmul@multiplicand     cstackBANK0 00C
___bmul@multiplier       cstackBANK0 00F
___bmul@product          cstackBANK0 00E
___int_sp                stack       000
___latbits               (abs)       000
___lbdiv                 text1       37D
___lbdiv@counter         cstackBANK0 00F
___lbdiv@dividend        cstackBANK0 00E
___lbdiv@divisor         cstackBANK0 00C
___lbdiv@quotient        cstackBANK0 010
___sp                    stack       000
__end_of___bmul          text2       37D
__end_of___lbdiv         text1       39F
__end_of__initialization cinit       3FE
__end_of_main            maintext    3FE
__initialization         cinit       3FE
__pcstackBANK0           cstackBANK0 00C
__pmaintext              maintext    39F
__ptext0                 text0       000
__ptext1                 text1       37D
__ptext2                 text2       36B
__size_of___bmul         (abs)       000
__size_of___lbdiv        (abs)       000
__size_of_main           (abs)       000
_main                    maintext    39F
btemp                    (abs)       04E
end_of_initialization    cinit       3FE
intlevel0                functab     000
intlevel1                functab     000
intlevel2                functab     000
intlevel3                functab     000
intlevel4                functab     000
intlevel5                functab     000
ltemp                    (abs)       04E
ltemp0                   (abs)       04E
ltemp1                   (abs)       052
ltemp2                   (abs)       056
ltemp3                   (abs)       050
main@rb3_rb4             cstackBANK0 013
reset_vec                reset_vec   000
stackhi                  (abs)       000
stacklo                  (abs)       000
start                    init        000
start_initialization     cinit       3FE
ttemp                    (abs)       04E
ttemp0                   (abs)       04E
ttemp1                   (abs)       051
ttemp2                   (abs)       054
ttemp3                   (abs)       057
ttemp4                   (abs)       04F
wtemp                    (abs)       04E
wtemp0                   (abs)       04E
wtemp1                   (abs)       050
wtemp2                   (abs)       052
wtemp3                   (abs)       054
wtemp4                   (abs)       056
wtemp5                   (abs)       058
wtemp6                   (abs)       04F


FUNCTION INFORMATION:

 *************** function _main *****************
 Defined at:
		line 3 in file "C:\Users\reyla\Downloads\ARITHMETIC\ARITHMETIC\ARITHMETIC_OP.c"
 Parameters:    Size  Location     Type
		None
 Auto vars:     Size  Location     Type
  rb3_rb4         1    7[BANK0 ] unsigned char 
 Return value:  Size  Location     Type
		None               void
 Registers used:
		wreg, status,2, status,0, pclath, cstack
 Tracked objects:
		On entry : 
		On exit  : 
		Unchanged: 
 Data sizes:     COMMON   BANK0
      Params:         0       0
      Locals:         0       1
      Temps:          0       2
      Totals:         0       3
Total ram usage:        3 bytes
 Hardware stack levels required when called:    1
 This function calls:
		___bmul
		___lbdiv
 This function is called by:
		Startup code after reset
 This function uses a non-reentrant model


 *************** function ___lbdiv *****************
 Defined at:
		line 4 in file "C:\Program Files (x86)\Microchip\xc8\v1.33\sources\common\lbdiv.c"
 Parameters:    Size  Location     Type
  dividend        1    wreg     unsigned char 
  divisor         1    0[BANK0 ] unsigned char 
 Auto vars:     Size  Location     Type
  dividend        1    2[BANK0 ] unsigned char 
  quotient        1    4[BANK0 ] unsigned char 
  counter         1    3[BANK0 ] unsigned char 
 Return value:  Size  Location     Type
                  1    wreg      unsigned char 
 Registers used:
		wreg, status,2, status,0
 Tracked objects:
		On entry : 
		On exit  : 
		Unchanged: 
 Data sizes:     COMMON   BANK0
      Params:         0       1
      Locals:         0       3
      Temps:          0       1
      Totals:         0       5
Total ram usage:        5 bytes
 Hardware stack levels used:    1
 This function calls:
		Nothing
 This function is called by:
		_main
 This function uses a non-reentrant model


 *************** function ___bmul *****************
 Defined at:
		line 4 in file "C:\Program Files (x86)\Microchip\xc8\v1.33\sources\common\Umul8.c"
 Parameters:    Size  Location     Type
  multiplier      1    wreg     unsigned char 
  multiplicand    1    0[BANK0 ] unsigned char 
 Auto vars:     Size  Location     Type
  multiplier      1    3[BANK0 ] unsigned char 
  product         1    2[BANK0 ] unsigned char 
 Return value:  Size  Location     Type
                  1    wreg      unsigned char 
 Registers used:
		wreg, status,2, status,0
 Tracked objects:
		On entry : 
		On exit  : 
		Unchanged: 
 Data sizes:     COMMON   BANK0
      Params:         0       1
      Locals:         0       2
      Temps:          0       1
      Totals:         0       4
Total ram usage:        4 bytes
 Hardware stack levels used:    1
 This function calls:
		Nothing
 This function is called by:
		_main
 This function uses a non-reentrant model



MODULE INFORMATION

Module		Function		Class		Link	Load	Size
C:\Users\reyla\Downloads\ARITHMETIC\ARITHMETIC\ARITHMETIC_OP.c
		_main          		CODE           	039F	0000	95

C:\Users\reyla\Downloads\ARITHMETIC\ARITHMETIC\ARITHMETIC_OP.c estimated size: 95

shared
		__initializatio		CODE           	03FE	0000	0

shared estimated size: 0

C:\Program Files (x86)\Microchip\xc8\v1.33\sources\common\Umul8.c
		___bmul        		CODE           	036B	0000	18

C:\Program Files (x86)\Microchip\xc8\v1.33\sources\common\Umul8.c estimated size: 18

C:\Program Files (x86)\Microchip\xc8\v1.33\sources\common\lbdiv.c
		___lbdiv       		CODE           	037D	0000	34

C:\Program Files (x86)\Microchip\xc8\v1.33\sources\common\lbdiv.c estimated size: 34

